// Jest Snapshot v1, https://goo.gl/fbAQLP

exports[`Pruebas en LoginView El html debe coincidir con el snaptshot 1`] = `
<v-container fluid="">
  <v-row class="d-flex justify-center my-10">
    <h3 class="text-h2 text-title">Iniciar Sesi√≥n</h3>
  </v-row>
  <v-row class="d-flex justify-center mt-15">
    <v-card class="pa-10 rounded-xl elevation-0" width="100%" max-width="500" height="auto">
      <form-stub as="form" validationschema="[object Object]" validateonmount="false" keepvalues="false" name="loginForm"></form-stub>
    </v-card>
  </v-row>
</v-container>
`;
